###############################################################################
#
# IAR ELF Linker V7.20.2.7424/W32 for ARM                 25/Oct/2018  17:22:21
# Copyright 2007-2014 IAR Systems AB.
#
#    Output file  =  G:\1\uart1cude\EWARM\uart1cude\Exe\uart1cude.out
#    Map file     =  G:\1\uart1cude\EWARM\uart1cude/List\uart1cude.map
#    Command line =  
#        G:\1\uart1cude\EWARM\uart1cude\Obj\delay.o
#        G:\1\uart1cude\EWARM\uart1cude\Obj\gpio.o
#        G:\1\uart1cude\EWARM\uart1cude\Obj\main.o
#        G:\1\uart1cude\EWARM\uart1cude\Obj\startup_stm32f103xe.o
#        G:\1\uart1cude\EWARM\uart1cude\Obj\stm32f1xx_hal.o
#        G:\1\uart1cude\EWARM\uart1cude\Obj\stm32f1xx_hal_cortex.o
#        G:\1\uart1cude\EWARM\uart1cude\Obj\stm32f1xx_hal_dma.o
#        G:\1\uart1cude\EWARM\uart1cude\Obj\stm32f1xx_hal_flash.o
#        G:\1\uart1cude\EWARM\uart1cude\Obj\stm32f1xx_hal_flash_ex.o
#        G:\1\uart1cude\EWARM\uart1cude\Obj\stm32f1xx_hal_gpio.o
#        G:\1\uart1cude\EWARM\uart1cude\Obj\stm32f1xx_hal_gpio_ex.o
#        G:\1\uart1cude\EWARM\uart1cude\Obj\stm32f1xx_hal_msp.o
#        G:\1\uart1cude\EWARM\uart1cude\Obj\stm32f1xx_hal_pwr.o
#        G:\1\uart1cude\EWARM\uart1cude\Obj\stm32f1xx_hal_rcc.o
#        G:\1\uart1cude\EWARM\uart1cude\Obj\stm32f1xx_hal_rcc_ex.o
#        G:\1\uart1cude\EWARM\uart1cude\Obj\stm32f1xx_hal_tim.o
#        G:\1\uart1cude\EWARM\uart1cude\Obj\stm32f1xx_hal_tim_ex.o
#        G:\1\uart1cude\EWARM\uart1cude\Obj\stm32f1xx_hal_uart.o
#        G:\1\uart1cude\EWARM\uart1cude\Obj\stm32f1xx_it.o
#        G:\1\uart1cude\EWARM\uart1cude\Obj\system_stm32f1xx.o
#        G:\1\uart1cude\EWARM\uart1cude\Obj\usart.o --redirect
#        _Printf=_PrintfFull --redirect _Scanf=_ScanfFull -o
#        G:\1\uart1cude\EWARM\uart1cude\Exe\uart1cude.out --map
#        G:\1\uart1cude\EWARM\uart1cude/List\uart1cude.map --config
#        G:\1\uart1cude\EWARM/stm32f103xe_flash.icf --semihosting --entry
#        __iar_program_start --vfe
#
###############################################################################

*******************************************************************************
*** RUNTIME MODEL ATTRIBUTES
***

CppFlavor                     = *
__Heap_Handler                = Basic
__SystemLibrary               = DLib
__dlib_dynamic_initialization = normal


*******************************************************************************
*** PLACEMENT SUMMARY
***

"A1":  place at 0x08000000 { ro section .intvec };
"P1":  place in [from 0x08000000 to 0x0807ffff] { ro };
"P2":  place in [from 0x20000000 to 0x2000ffff] { rw, block CSTACK, block HEAP };

  Section             Kind        Address    Size  Object
  -------             ----        -------    ----  ------
"A1":                                       0x130
  .intvec             ro code  0x08000000   0x130  startup_stm32f103xe.o [1]
                             - 0x08000130   0x130

"P1":                                      0x3443
  .text               ro code  0x08000130  0x114e  xprintffull.o [3]
  .text               ro code  0x0800127e    0x20  xmbtowc.o [3]
  .text               ro code  0x0800129e    0x22  zero_init3.o [5]
  .text               ro code  0x080012c0    0x16  strchr.o [5]
  .text               ro code  0x080012d8    0x36  strlen.o [5]
  .text               ro code  0x08001310    0x58  memchr.o [5]
  .text               ro code  0x08001368     0xa  xmbcurmax.o [3]
  .text               ro code  0x08001374    0xb0  xxmemxmalloc.o [3]
  .text               ro code  0x08001424    0x1a  xwctomb.o [3]
  .text               ro code  0x08001440    0x76  ABImemcpy_unaligned.o [5]
  .text               ro code  0x080014b8    0x80  xxmemxfree.o [3]
  .text               ro code  0x08001538    0xee  I64DivMod.o [5]
  .text               ro code  0x08001626    0x42  xdnorm.o [4]
  .text               ro code  0x08001668    0x2e  DblCmpLe.o [4]
  .text               ro code  0x08001698    0x2e  DblCmpGe.o [4]
  .text               ro code  0x080016c8   0x10c  xdscale.o [4]
  .text               ro code  0x080017d4    0x58  DblToI32.o [4]
  .text               ro code  0x0800182c    0x30  I32ToDbl.o [4]
  .text               ro code  0x0800185c   0x180  DblSub.o [4]
  .text               ro code  0x080019dc   0x1a2  DblMul.o [4]
  .text               ro code  0x08001b80   0x246  DblDiv.o [4]
  .text               ro code  0x08001dc8    0x6c  localeconv.o [3]
  .text               ro code  0x08001e34     0xe  div.o [3]
  .text               ro code  0x08001e44    0x14  setlocale.o [3]
  .text               ro code  0x08001e58    0x60  xencoding_sb.o [3]
  .text               ro code  0x08001eb8    0x2c  xgetmemchunk.o [3]
  .text               ro code  0x08001ee4     0x2  I64DivZer.o [5]
  .text               ro code  0x08001ee8    0xd4  DblAdd.o [4]
  .text               ro code  0x08001fbc     0x2  xtls.o [3]
  .text               ro code  0x08001fc0   0x4f0  stm32f1xx_hal_uart.o [1]
  .text               ro code  0x080024b0   0x1c4  usart.o [1]
  .text               ro code  0x08002674    0x78  stm32f1xx_hal.o [1]
  .text               ro code  0x080026ec   0x118  stm32f1xx_hal_dma.o [1]
  .text               ro code  0x08002804   0x4b6  stm32f1xx_hal_rcc.o [1]
  .text               ro code  0x08002cbc   0x140  main.o [1]
  .text               ro code  0x08002dfc   0x1c8  stm32f1xx_hal_gpio.o [1]
  .text               ro code  0x08002fc4    0xf6  stm32f1xx_hal_cortex.o [1]
  .text               ro code  0x080030bc    0x9c  stm32f1xx_hal_msp.o [1]
  .text               ro code  0x08003158    0x5c  delay.o [1]
  .text               ro code  0x080031b4    0x44  gpio.o [1]
  .text               ro code  0x080031f8    0x24  printf.o [3]
  .text               ro code  0x0800321c    0xd2  packbits_init.o [5]
  .text               ro code  0x080032ee     0x6  abort.o [3]
  .text               ro code  0x080032f4    0x14  exit.o [6]
  .text               ro code  0x08003308    0x5c  system_stm32f1xx.o [1]
  .text               ro code  0x08003364    0x28  data_init.o [5]
  .iar.init_table     const    0x0800338c    0x2c  - Linker created -
  .text               ro code  0x080033b8    0x1e  stm32f1xx_it.o [1]
  .text               ro code  0x080033d8    0x1a  cmain.o [5]
  .text               ro code  0x080033f2     0x4  low_level_init.o [3]
  .text               ro code  0x080033f6     0x4  exit.o [3]
  .text               ro code  0x080033fc     0xa  cexit.o [5]
  .text               ro code  0x08003406    0x16  xprout.o [3]
  .text               ro code  0x0800341c     0xc  putchar.o [3]
  .text               ro code  0x08003428    0x10  startup_stm32f103xe.o [1]
  .text               ro code  0x08003438     0xc  cstartup_M.o [5]
  .rodata             const    0x08003444     0x8  system_stm32f1xx.o [1]
  .text               ro code  0x0800344c     0x4  startup_stm32f103xe.o [1]
  .text               ro code  0x08003450     0x4  startup_stm32f103xe.o [1]
  .text               ro code  0x08003454     0x4  startup_stm32f103xe.o [1]
  .text               ro code  0x08003458     0x4  startup_stm32f103xe.o [1]
  .text               ro code  0x0800345c     0x4  startup_stm32f103xe.o [1]
  .text               ro code  0x08003460     0x4  startup_stm32f103xe.o [1]
  .text               ro code  0x08003464     0x4  startup_stm32f103xe.o [1]
  .text               ro code  0x08003468     0x4  startup_stm32f103xe.o [1]
  .text               ro code  0x0800346c     0x4  startup_stm32f103xe.o [1]
  .text               ro code  0x08003470     0x4  startup_stm32f103xe.o [1]
  .text               ro code  0x08003474     0x4  startup_stm32f103xe.o [1]
  .text               ro code  0x08003478     0x4  startup_stm32f103xe.o [1]
  .text               ro code  0x0800347c     0x4  startup_stm32f103xe.o [1]
  .text               ro code  0x08003480     0x4  startup_stm32f103xe.o [1]
  .text               ro code  0x08003484     0x4  startup_stm32f103xe.o [1]
  .text               ro code  0x08003488     0x4  startup_stm32f103xe.o [1]
  .text               ro code  0x0800348c     0x4  startup_stm32f103xe.o [1]
  .text               ro code  0x08003490     0x4  startup_stm32f103xe.o [1]
  .text               ro code  0x08003494     0x4  startup_stm32f103xe.o [1]
  .text               ro code  0x08003498     0x4  startup_stm32f103xe.o [1]
  .text               ro code  0x0800349c     0x4  startup_stm32f103xe.o [1]
  .text               ro code  0x080034a0     0x4  startup_stm32f103xe.o [1]
  .text               ro code  0x080034a4     0x4  startup_stm32f103xe.o [1]
  .text               ro code  0x080034a8     0x4  startup_stm32f103xe.o [1]
  .text               ro code  0x080034ac     0x4  startup_stm32f103xe.o [1]
  .text               ro code  0x080034b0     0x4  startup_stm32f103xe.o [1]
  .text               ro code  0x080034b4     0x4  startup_stm32f103xe.o [1]
  .text               ro code  0x080034b8     0x4  startup_stm32f103xe.o [1]
  .text               ro code  0x080034bc     0x4  startup_stm32f103xe.o [1]
  .text               ro code  0x080034c0     0x4  startup_stm32f103xe.o [1]
  .text               ro code  0x080034c4     0x4  startup_stm32f103xe.o [1]
  .text               ro code  0x080034c8     0x4  startup_stm32f103xe.o [1]
  .text               ro code  0x080034cc     0x4  startup_stm32f103xe.o [1]
  .text               ro code  0x080034d0     0x4  startup_stm32f103xe.o [1]
  .text               ro code  0x080034d4     0x4  startup_stm32f103xe.o [1]
  .text               ro code  0x080034d8     0x4  startup_stm32f103xe.o [1]
  .text               ro code  0x080034dc     0x4  startup_stm32f103xe.o [1]
  .text               ro code  0x080034e0     0x4  startup_stm32f103xe.o [1]
  .text               ro code  0x080034e4     0x4  startup_stm32f103xe.o [1]
  .text               ro code  0x080034e8     0x4  startup_stm32f103xe.o [1]
  .text               ro code  0x080034ec     0x4  startup_stm32f103xe.o [1]
  .text               ro code  0x080034f0     0x4  startup_stm32f103xe.o [1]
  .text               ro code  0x080034f4     0x4  startup_stm32f103xe.o [1]
  .text               ro code  0x080034f8     0x4  startup_stm32f103xe.o [1]
  .text               ro code  0x080034fc     0x4  startup_stm32f103xe.o [1]
  .text               ro code  0x08003500     0x4  startup_stm32f103xe.o [1]
  .text               ro code  0x08003504     0x4  startup_stm32f103xe.o [1]
  .text               ro code  0x08003508     0x4  startup_stm32f103xe.o [1]
  .text               ro code  0x0800350c     0x4  startup_stm32f103xe.o [1]
  .text               ro code  0x08003510     0x4  startup_stm32f103xe.o [1]
  .text               ro code  0x08003514     0x4  startup_stm32f103xe.o [1]
  .text               ro code  0x08003518     0x4  startup_stm32f103xe.o [1]
  .text               ro code  0x0800351c     0x4  startup_stm32f103xe.o [1]
  .text               ro code  0x08003520     0x4  startup_stm32f103xe.o [1]
  .text               ro code  0x08003524     0x4  startup_stm32f103xe.o [1]
  .text               ro code  0x08003528     0x4  startup_stm32f103xe.o [1]
  .text               ro code  0x0800352c     0x4  startup_stm32f103xe.o [1]
  .text               ro code  0x08003530     0x4  startup_stm32f103xe.o [1]
  .text               ro code  0x08003534     0x4  startup_stm32f103xe.o [1]
  .rodata             const    0x08003538     0x0  zero_init3.o [5]
  .rodata             const    0x08003538     0x0  packbits_init.o [5]
  Initializer bytes   ro data  0x08003538    0x3b  <for P2 s0>
                             - 0x08003573  0x3443

"P2":                                       0x900
  P2 s0                        0x20000000   0x14c  <Init block>
    __DLIB_PERTHREAD  inited   0x20000000    0x88  localeconv.o [3]
    __DLIB_PERTHREAD  inited   0x20000088    0x74  setlocale.o [3]
    .data             inited   0x200000fc    0x40  xfiles.o [3]
    .data             inited   0x2000013c     0xc  stm32f1xx_hal.o [1]
    .data             inited   0x20000148     0x4  system_stm32f1xx.o [1]
  .bss                zero     0x2000014c    0xca  usart.o [1]
  .bss                zero     0x20000218    0x50  xfiles.o [3]
  .bss                zero     0x20000268    0x41  usart.o [1]
  .bss                zero     0x200002ac    0x40  usart.o [1]
  .bss                zero     0x200002ec     0x8  xxmemxmalloc.o [3]
  .bss                zero     0x200002f4     0x4  delay.o [1]
  .bss                zero     0x200002f8     0x4  xgetmemchunk.o [3]
  CSTACK                       0x20000300   0x400  <Block>
    CSTACK            uninit   0x20000300   0x400  <Block tail>
  HEAP                         0x20000700   0x200  <Block>
    HEAP              uninit   0x20000700   0x200  <Block tail>
                             - 0x20000900   0x900


*******************************************************************************
*** INIT TABLE
***

          Address     Size
          -------     ----
Zero (__iar_zero_init3)
    1 destination range, total size 0x1b0:
          0x2000014c  0x1b0

Copy/packbits (__iar_packbits_init3)
    1 source range, total size 0x3b (17% of destination):
          0x08003538   0x3b
    1 destination range, total size 0x14c:
          0x20000000  0x14c



*******************************************************************************
*** MODULE SUMMARY
***

    Module                  ro code  ro data  rw data
    ------                  -------  -------  -------
G:\1\uart1cude\EWARM\uart1cude\Obj: [1]
    delay.o                      92                 4
    gpio.o                       68
    main.o                      320
    startup_stm32f103xe.o       556
    stm32f1xx_hal.o             120        2       12
    stm32f1xx_hal_cortex.o      246
    stm32f1xx_hal_dma.o         280
    stm32f1xx_hal_gpio.o        456
    stm32f1xx_hal_msp.o         156
    stm32f1xx_hal_rcc.o       1 206
    stm32f1xx_hal_uart.o      1 264
    stm32f1xx_it.o               30
    system_stm32f1xx.o           92        9        4
    usart.o                     452               331
    -------------------------------------------------
    Total:                    5 338       11      351

command line: [2]
    -------------------------------------------------
    Total:

dl7M_tlf.a: [3]
    abort.o                       6
    div.o                        14
    exit.o                        4
    localeconv.o                108       24      136
    low_level_init.o              4
    printf.o                     36
    putchar.o                    12
    setlocale.o                  20       20      116
    xencoding_sb.o               96
    xfiles.o                              12      144
    xgetmemchunk.o               44                 4
    xmbcurmax.o                  10
    xmbtowc.o                    32
    xprintffull.o             4 430
    xprout.o                     22
    xtls.o                        2
    xwctomb.o                    26
    xxmemxfree.o                128
    xxmemxmalloc.o              176                 8
    -------------------------------------------------
    Total:                    5 170       56      408

m7M_tl.a: [4]
    DblAdd.o                    212
    DblCmpGe.o                   46
    DblCmpLe.o                   46
    DblDiv.o                    582
    DblMul.o                    418
    DblSub.o                    384
    DblToI32.o                   88
    I32ToDbl.o                   48
    xdnorm.o                     66
    xdscale.o                   268
    -------------------------------------------------
    Total:                    2 158

rt7M_tl.a: [5]
    ABImemcpy_unaligned.o       118
    I64DivMod.o                 238
    I64DivZer.o                   2
    cexit.o                      10
    cmain.o                      26
    cstartup_M.o                 12
    data_init.o                  40
    memchr.o                     88
    packbits_init.o             210
    strchr.o                     22
    strlen.o                     54
    zero_init3.o                 34
    -------------------------------------------------
    Total:                      854

shb_l.a: [6]
    exit.o                       20
    -------------------------------------------------
    Total:                       20

    Gaps                         32                 5
    Linker created                        44    1 536
-----------------------------------------------------
    Grand Total:             13 572      111    2 300


*******************************************************************************
*** ENTRY LIST
***

Entry                      Address   Size  Type      Object
-----                      -------   ----  ----      ------
?main                   0x080033d9         Code  Gb  cmain.o [5]
AHBPrescTable           0x08003354   0x10  Data  Gb  system_stm32f1xx.o [1]
APBPrescTable           0x08003444    0x8  Data  Gb  system_stm32f1xx.o [1]
BusFault_Handler        0x080033bf    0x2  Code  Gb  stm32f1xx_it.o [1]
CSTACK$$Base            0x20000300          --   Gb  - Linker created -
CSTACK$$Limit           0x20000700          --   Gb  - Linker created -
DebugMon_Handler        0x080033c5    0x2  Code  Gb  stm32f1xx_it.o [1]
HAL_DMA_Abort_IT        0x080026ed   0xde  Code  Gb  stm32f1xx_hal_dma.o [1]
HAL_GPIO_Init           0x08002dfd  0x18a  Code  Gb  stm32f1xx_hal_gpio.o [1]
HAL_GetTick             0x080026d9    0x6  Code  Wk  stm32f1xx_hal.o [1]
HAL_IncTick             0x080026cd    0xc  Code  Wk  stm32f1xx_hal.o [1]
HAL_Init                0x08002675   0x20  Code  Gb  stm32f1xx_hal.o [1]
HAL_InitTick            0x08002695   0x38  Code  Wk  stm32f1xx_hal.o [1]
HAL_MspInit             0x080030bd   0x9c  Code  Gb  stm32f1xx_hal_msp.o [1]
HAL_NVIC_EnableIRQ      0x08003047    0xc  Code  Gb  stm32f1xx_hal_cortex.o [1]
HAL_NVIC_SetPriority    0x08003003   0x44  Code  Gb  stm32f1xx_hal_cortex.o [1]
HAL_NVIC_SetPriorityGrouping
                        0x08002fe9   0x1a  Code  Gb  stm32f1xx_hal_cortex.o [1]
HAL_RCC_ClockConfig     0x08002adf  0x126  Code  Gb  stm32f1xx_hal_rcc.o [1]
HAL_RCC_GetHCLKFreq     0x08002c53    0x6  Code  Gb  stm32f1xx_hal_rcc.o [1]
HAL_RCC_GetPCLK1Freq    0x08002c59   0x10  Code  Gb  stm32f1xx_hal_rcc.o [1]
HAL_RCC_GetPCLK2Freq    0x08002c69    0xe  Code  Gb  stm32f1xx_hal_rcc.o [1]
HAL_RCC_GetSysClockFreq
                        0x08002c05   0x4e  Code  Gb  stm32f1xx_hal_rcc.o [1]
HAL_RCC_OscConfig       0x08002805  0x2d2  Code  Gb  stm32f1xx_hal_rcc.o [1]
HAL_SYSTICK_CLKSourceConfig
                        0x08003083   0x14  Code  Gb  stm32f1xx_hal_cortex.o [1]
HAL_SYSTICK_Callback    0x080030b9    0x2  Code  Wk  stm32f1xx_hal_cortex.o [1]
HAL_SYSTICK_Config      0x0800305b   0x28  Code  Gb  stm32f1xx_hal_cortex.o [1]
HAL_SYSTICK_IRQHandler  0x080030b1    0x8  Code  Gb  stm32f1xx_hal_cortex.o [1]
HAL_UART_ErrorCallback  0x080022a3    0x2  Code  Wk  stm32f1xx_hal_uart.o [1]
HAL_UART_IRQHandler     0x08002157  0x148  Code  Gb  stm32f1xx_hal_uart.o [1]
HAL_UART_Init           0x08001fc1   0x30  Code  Gb  stm32f1xx_hal_uart.o [1]
HAL_UART_MspInit        0x08002537   0xac  Code  Gb  usart.o [1]
HAL_UART_Receive_IT     0x080020eb   0x5a  Code  Gb  stm32f1xx_hal_uart.o [1]
HAL_UART_RxCpltCallback
                        0x080022a1    0x2  Code  Wk  stm32f1xx_hal_uart.o [1]
HAL_UART_Transmit       0x0800202d   0xa8  Code  Gb  stm32f1xx_hal_uart.o [1]
HAL_UART_TxCpltCallback
                        0x0800229f    0x2  Code  Wk  stm32f1xx_hal_uart.o [1]
HEAP$$Base              0x20000700          --   Gb  - Linker created -
HEAP$$Limit             0x20000900          --   Gb  - Linker created -
HardFault_Handler       0x080033bb    0x2  Code  Gb  stm32f1xx_it.o [1]
InStream_Read           0x0800321d   0x22  Code  Lc  packbits_init.o [5]
LoadInt                 0x08000761   0x6e  Code  Lc  xprintffull.o [3]
MX_GPIO_Init            0x080031b5   0x44  Code  Gb  gpio.o [1]
MX_UART4_Init           0x080024bf   0x36  Code  Gb  usart.o [1]
MX_USART1_UART_Init     0x080024f5   0x42  Code  Gb  usart.o [1]
MemManage_Handler       0x080033bd    0x2  Code  Gb  stm32f1xx_it.o [1]
NMI_Handler             0x080033b9    0x2  Code  Gb  stm32f1xx_it.o [1]
NVIC_GetPriorityGrouping
                        0x08002fc5    0xa  Code  Lc  stm32f1xx_hal_cortex.o [1]
NVIC_SetPriority        0x08002fcf   0x1a  Code  Lc  stm32f1xx_hal_cortex.o [1]
PendSV_Handler          0x080033c7    0x2  Code  Gb  stm32f1xx_it.o [1]
Region$$Table$$Base     0x0800338c          --   Gb  - Linker created -
Region$$Table$$Limit    0x080033b8          --   Gb  - Linker created -
SVC_Handler             0x080033c3    0x2  Code  Gb  stm32f1xx_it.o [1]
SysTick_Handler         0x080033c9    0xe  Code  Gb  stm32f1xx_it.o [1]
SystemClock_Config      0x08002d4d   0x74  Code  Gb  main.o [1]
SystemCoreClock         0x20000148    0x4  Data  Gb  system_stm32f1xx.o [1]
SystemInit              0x08003309   0x3a  Code  Gb  system_stm32f1xx.o [1]
UART_DMAAbortOnError    0x08002325   0x10  Code  Lc  stm32f1xx_hal_uart.o [1]
UART_EndRxTransfer      0x08002305   0x1c  Code  Lc  stm32f1xx_hal_uart.o [1]
UART_Receive_IT         0x08002335   0x80  Code  Lc  stm32f1xx_hal_uart.o [1]
UART_SetConfig          0x080023cb   0xdc  Code  Lc  stm32f1xx_hal_uart.o [1]
UART_WaitOnFlagUntilTimeout
                        0x080022a5   0x60  Code  Lc  stm32f1xx_hal_uart.o [1]
USART1_IRQHandler       0x080025e3   0x50  Code  Gb  usart.o [1]
USART_RX_BUF            0x2000014c   0xc8  Data  Gb  usart.o [1]
USART_RX_STA            0x20000214    0x2  Data  Gb  usart.o [1]
UsageFault_Handler      0x080033c1    0x2  Code  Gb  stm32f1xx_it.o [1]
_EncodingSb_Mbtowc      0x08001e73   0x30  Code  Gb  xencoding_sb.o [3]
_EncodingSb_Wctomb      0x08001e59   0x1a  Code  Gb  xencoding_sb.o [3]
_Error_Handler          0x08002dc1    0x2  Code  Gb  main.o [1]
_GenldFull              0x08000feb  0x24c  Code  Lc  xprintffull.o [3]
_IsdstStr               0x2000008c    0x4  Data  Gb  setlocale.o [3]
_LdtobFull              0x08000be9  0x3fc  Code  Lc  xprintffull.o [3]
_LitobFull              0x08000ae1  0x106  Code  Lc  xprintffull.o [3]
_LocaleEncoding         0x08001e45    0xe  Code  Gb  setlocale.o [3]
_LocaleReturnString     0x200000ac   0x50  Data  Lc  setlocale.o [3]
_Locale_Profile         0x20000090   0x1c  Data  Gb  setlocale.o [3]
_Locale_aeabi_lconv     0x20000050   0x38  Data  Gb  localeconv.o [3]
_Locale_lconv           0x20000000   0x50  Data  Gb  localeconv.o [3]
_Mbtowc                 0x0800127f   0x20  Code  Gb  xmbtowc.o [3]
_PrintfFull             0x08000131  0x618  Code  Gb  xprintffull.o [3]
_Prout                  0x08003407   0x16  Code  Gb  xprout.o [3]
_PutcharsFull           0x08001237   0x2e  Code  Lc  xprintffull.o [3]
_PutstrFull             0x080007cf  0x30c  Code  Lc  xprintffull.o [3]
_TzoneStr               0x20000088    0x4  Data  Gb  setlocale.o [3]
_Wctomb                 0x08001425   0x1a  Code  Gb  xwctomb.o [3]
__aeabi_cdcmple         0x08001669         Code  Gb  DblCmpLe.o [4]
__aeabi_cdrcmple        0x08001699         Code  Gb  DblCmpGe.o [4]
__aeabi_d2iz            0x080017d5         Code  Gb  DblToI32.o [4]
__aeabi_d2uiz           0x08001801         Code  Gb  DblToI32.o [4]
__aeabi_ddiv            0x08001b81         Code  Gb  DblDiv.o [4]
__aeabi_dmul            0x080019dd         Code  Gb  DblMul.o [4]
__aeabi_dsub            0x0800185d         Code  Gb  DblSub.o [4]
__aeabi_i2d             0x0800182d         Code  Gb  I32ToDbl.o [4]
__aeabi_ldiv0           0x08001ee5         Code  Gb  I64DivZer.o [5]
__aeabi_ui2d            0x08001841         Code  Gb  I32ToDbl.o [4]
__aeabi_uldivmod        0x08001539         Code  Gb  I64DivMod.o [5]
__as_entries_start      0xffffffff          --   Gb  command line/config [2]
__as_table_start        0xffffffff          --   Gb  command line/config [2]
__cmain                 0x080033d9         Code  Gb  cmain.o [5]
__data_Aldata           0x200002ec    0x8  Data  Gb  xxmemxmalloc.o [3]
__data_GetMemChunk      0x08001eb9   0x2c  Code  Gb  xgetmemchunk.o [3]
__exit                  0x080032f5   0x14  Code  Gb  exit.o [6]
__iar_Dnorm             0x08001627   0x42  Code  Gb  xdnorm.o [4]
__iar_Dscale            0x080016c9  0x10c  Code  Gb  xdscale.o [4]
__iar_Locale_lconv_init
                        0x08001dc9   0x3a  Code  Gb  localeconv.o [3]
__iar_Mbcurmax          0x08001369    0xa  Code  Gb  xmbcurmax.o [3]
__iar_Memchr            0x08001311         Code  Gb  memchr.o [5]
__iar_Stdout            0x200000fc   0x40  Data  Gb  xfiles.o [3]
__iar_Strchr            0x080012c1         Code  Gb  strchr.o [5]
__iar_d2uiz             0x0800180d         Code  Gb  DblToI32.o [4]
__iar_dadd              0x08001ee9         Code  Gb  DblAdd.o [4]
__iar_data_init3        0x08003365   0x28  Code  Gb  data_init.o [5]
__iar_dlib_perthread_access
                        0x08001fbd    0x2  Code  Gb  xtls.o [3]
__iar_dsub              0x08001871         Code  Gb  DblSub.o [4]
__iar_dsubStart         0x08001883         Code  Gb  DblSub.o [4]
__iar_packbits_init3    0x0800323f   0xb0  Code  Gb  packbits_init.o [5]
__iar_program_start     0x08003439         Code  Gb  cstartup_M.o [5]
__iar_ui2d              0x08001845         Code  Gb  I32ToDbl.o [4]
__iar_unaligned___aeabi_memcpy
                        0x08001441         Code  Gb  ABImemcpy_unaligned.o [5]
__iar_unaligned___aeabi_memcpy4
                        0x08001461         Code  Gb  ABImemcpy_unaligned.o [5]
__iar_unaligned___aeabi_memcpy8
                        0x08001461         Code  Gb  ABImemcpy_unaligned.o [5]
__iar_zero_init3        0x0800129f   0x22  Code  Gb  zero_init3.o [5]
__low_level_init        0x080033f3    0x4  Code  Gb  low_level_init.o [3]
__vector_table          0x08000000         Data  Gb  startup_stm32f103xe.o [1]
_call_main              0x080033e5         Code  Gb  cmain.o [5]
_exit                   0x080033fd         Code  Gb  cexit.o [5]
_main                   0x080033ef         Code  Gb  cmain.o [5]
aRxBuffer               0x200002a8    0x1  Data  Gb  usart.o [1]
abort                   0x080032ef    0x6  Code  Gb  abort.o [3]
delay_init              0x0800319d   0x10  Code  Gb  delay.o [1]
delay_ms                0x08003185   0x18  Code  Gb  delay.o [1]
delay_us                0x08003159   0x2c  Code  Gb  delay.o [1]
div                     0x08001e35    0xe  Code  Gb  div.o [3]
exit                    0x080033f7    0x4  Code  Gb  exit.o [3]
fac_us                  0x200002f4    0x4  Data  Lc  delay.o [1]
fputc                   0x080024b1    0xe  Code  Gb  usart.o [1]
free                    0x080014b9   0x7a  Code  Gb  xxmemxfree.o [3]
huart1                  0x20000268   0x40  Data  Gb  usart.o [1]
huart4                  0x200002ac   0x40  Data  Gb  usart.o [1]
localeconv              0x08001e03   0x16  Code  Gb  localeconv.o [3]
main                    0x08002cbd   0x82  Code  Gb  main.o [1]
malloc                  0x08001375   0xac  Code  Gb  xxmemxmalloc.o [3]
memchr                  0x08001311         Code  Gb  memchr.o [5]
obuf                    0x20000218   0x50  Data  Lc  xfiles.o [3]
printf                  0x080031f9   0x24  Code  Gb  printf.o [3]
putchar                 0x0800341d    0xc  Code  Gb  putchar.o [3]
strchr                  0x080012c1         Code  Gb  strchr.o [5]
strlen                  0x080012d9         Code  Gb  strlen.o [5]
uwTick                  0x20000140    0x4  Data  Gb  stm32f1xx_hal.o [1]
uwTickFreq              0x2000013c    0x1  Data  Gb  stm32f1xx_hal.o [1]
uwTickPrio              0x20000144    0x4  Data  Gb  stm32f1xx_hal.o [1]


[1] = G:\1\uart1cude\EWARM\uart1cude\Obj
[2] = command line
[3] = dl7M_tlf.a
[4] = m7M_tl.a
[5] = rt7M_tl.a
[6] = shb_l.a

  13 572 bytes of readonly  code memory
     111 bytes of readonly  data memory
   2 300 bytes of readwrite data memory

Errors: none
Warnings: none
